/* Test case #1 for problem 0641 is not available. */