3137467222687275000000000000000000000000000000000000000000000000000000000000000000000000000000000000
