18 0 6
15 3 6
18 0 6
72 0 0
impossible
6 3 3
3 3 0
6 3 3
6 3 3
impossible
6 2 2
3 1 2
3 0 3
6 3 2
10 0 4
impossible
3 2 2
12 3 4
7 2 0
impossible
12 6 5
12 6 5
15 9 6
11 6 4
impossible
10 6 3
8 5 3
11 8 3
3 3 2
12 4 4
3 3 2
18 9 2
22 8 2
18 7 5
impossible
impossible
impossible
impossible
35 13 3
12 9 3
16 5 11
18 7 5
19 14 9
impossible
21 15 10
18 12 4
34 10 7
21 12 10
51 17 6
84 16 11
84 16 11
84 16 11
154 16 17
154 16 17
