-430 202
-177 240
89596 266154
399284 -284423
420686 -279794
