2
3
4
6
8
11
12
13
17
20
31
34
35
39
41
42
45
50
52
54
56
57
69
70
72
80
81
84
95
99
