5
6
8
17
21
22
26
28
29
34
37
40
41
47
49
56
64
65
67
68
80
82
95
96
97
100
