4
6
7
8
11
15
19
27
28
32
35
37
40
42
47
53
55
62
64
67
70
72
76
81
83
90
95
96
