2
5
6
9
11
12
13
16
17
20
25
26
32
33
34
39
40
41
46
48
50
51
52
56
62
65
66
68
71
73
80
81
82
83
92
96
99
100
